  PS     PA      TTI    IS     IA
  0.857 -40.000  1.000 20.561 -1.830
  0.765 -35.000  1.000 20.448 -1.756
  0.667 -30.000  1.000 20.342 -1.626
  0.563 -25.000  1.000 20.245 -1.446
 
  Key:
  PS = Incoming Projectile Speed
  PA = Incoming Projectile Angle
  TTI = Time To Intercept
  IS = Interceptor Speed
  IA = Interception Angle
